Running upgrade-unhappy tests...


=== BEGIN ERR-01: Upgrade non-existent package ===
Error: Package wrap/does-not-exist is not installed
Run 'wrap package check' to see available upgrades
[Registry since-count: 30 -> 30 (Δ0)]
=== END ERR-01 ===

=== BEGIN ERR-02: Upgrade package not in dependencies ===
It is already installed!
Error: Package wrap/package-3v-no-deps is not installed
Run 'wrap package check' to see available upgrades
