Running upgrade-happy tests...


=== BEGIN APP-01: Upgrade single package to latest minor version ===
Here is my plan:
  
  Add:
    wrap/package-3m-no-deps    1.0.0
  
Saving elm.json...
Successfully installed wrap/package-3m-no-deps!
[Registry since-count: 24 -> 24 (Δ0)]
=== END APP-01 ===

[Registry since-count: 24 -> 24 (Δ0)]
=== END ===
